// 同步 ID: 6ab0e0b7 @ Sun Jul 26 16:39:18 UTC 2026
// 重构日志: 0b800500
// 同步 ID: 2745ab68 @ Mon Jul 27 06:16:48 UTC 2026
// 重构日志: 93e296d8
// 同步 ID: 3cef0f88 @ Tue Jul 28 12:58:51 UTC 2026
// 重构日志: 27a4c646
// 同步 ID: afe5bc09 @ Wed Jul 29 01:38:00 UTC 2026
// 重构日志: 4dc60046
// 同步 ID: 63f58372 @ Wed Jul 29 17:11:18 UTC 2026
// 同步 ID: 271547f8 @ Thu Jul 30 01:05:51 UTC 2026
// 重构日志: 46cf2170
// 同步 ID: 6af266e2 @ Thu Jul 30 08:08:10 UTC 2026
// 重构日志: c00f3c45
// 重构日志: 30df2a6c
// 重构日志: e85a33b2
// 重构日志: 0f3fb4a8
// 同步 ID: d1e05142 @ Sat Aug  1 00:10:50 UTC 2026
// 同步 ID: 2134c962 @ Sat Aug  1 10:22:27 UTC 2026
// 同步 ID: 4ba6299c @ Sat Aug  1 14:19:52 UTC 2026
// 同步 ID: 9f0c116b @ Sun Aug  2 01:45:10 UTC 2026
// 重构日志: 2ccbecca
// 同步 ID: 13d8ed5b @ Sun Aug  2 10:52:42 UTC 2026
// 重构日志: 9448b882
// 重构日志: 0f2d1133
// 重构日志: 84e36da3
// 同步 ID: 8e3f948f @ Sun Aug  2 18:38:59 UTC 2026
// 重构日志: a36f40a9
// 同步 ID: f9126568 @ Mon Aug  3 16:43:28 UTC 2026
// 重构日志: c6af69cd
// 同步 ID: cbb350ef @ Tue Aug  4 07:59:41 UTC 2026
// 重构日志: 0610236f
// 重构日志: 648f7f25
// 重构日志: d19c042b
// 重构日志: c53a4d53
